{"__type":"$$EventMessageAudit","id":"8650da5c-bdc5-4f25-ada8-9350ddf277b2","ts":"2026-07-07T10:48:25.307+00:00","eventName":"n8n.audit.workflow.created","message":"n8n.audit.workflow.created","payload":{"userId":"9bb3b32b-35a9-46cc-bcfd-20928cdee616","_email":"onboarding.cabinet@gmail.com","_firstName":"Skillia","_lastName":"Skillia","globalRole":"global:owner","workflowId":"NjN1GQiLZ6nXxiOB","workflowName":"feu-vert"}}
{"__type":"$$EventMessageConfirm","confirm":"8650da5c-bdc5-4f25-ada8-9350ddf277b2","ts":"2026-07-07T10:48:25.307+00:00","source":{"id":"0","name":"eventBus"}}
{"__type":"$$EventMessageAudit","id":"f4cab60b-032e-487d-9c6b-406799b7d387","ts":"2026-07-07T10:48:28.953+00:00","eventName":"n8n.audit.workflow.updated","message":"n8n.audit.workflow.updated","payload":{"userId":"9bb3b32b-35a9-46cc-bcfd-20928cdee616","_email":"onboarding.cabinet@gmail.com","_firstName":"Skillia","_lastName":"Skillia","globalRole":"global:owner","workflowId":"NjN1GQiLZ6nXxiOB","workflowName":"feu-vert"}}
{"__type":"$$EventMessageConfirm","confirm":"f4cab60b-032e-487d-9c6b-406799b7d387","ts":"2026-07-07T10:48:28.953+00:00","source":{"id":"0","name":"eventBus"}}
{"__type":"$$EventMessageAudit","id":"65e024ed-802a-482c-b9c7-c344d3ebfff6","ts":"2026-07-07T10:48:45.562+00:00","eventName":"n8n.audit.workflow.updated","message":"n8n.audit.workflow.updated","payload":{"userId":"9bb3b32b-35a9-46cc-bcfd-20928cdee616","_email":"onboarding.cabinet@gmail.com","_firstName":"Skillia","_lastName":"Skillia","globalRole":"global:owner","workflowId":"NjN1GQiLZ6nXxiOB","workflowName":"feu-vert"}}
{"__type":"$$EventMessageConfirm","confirm":"65e024ed-802a-482c-b9c7-c344d3ebfff6","ts":"2026-07-07T10:48:45.562+00:00","source":{"id":"0","name":"eventBus"}}
{"__type":"$$EventMessageAudit","id":"e199468a-5d78-48c9-83ca-25b23cde8525","ts":"2026-07-07T10:48:49.649+00:00","eventName":"n8n.audit.workflow.updated","message":"n8n.audit.workflow.updated","payload":{"userId":"9bb3b32b-35a9-46cc-bcfd-20928cdee616","_email":"onboarding.cabinet@gmail.com","_firstName":"Skillia","_lastName":"Skillia","globalRole":"global:owner","workflowId":"NjN1GQiLZ6nXxiOB","workflowName":"feu-vert"}}
{"__type":"$$EventMessageConfirm","confirm":"e199468a-5d78-48c9-83ca-25b23cde8525","ts":"2026-07-07T10:48:49.649+00:00","source":{"id":"0","name":"eventBus"}}
{"__type":"$$EventMessageAudit","id":"caefc9e0-35cf-4591-bffa-b9e2628d9e70","ts":"2026-07-07T10:48:54.942+00:00","eventName":"n8n.audit.workflow.updated","message":"n8n.audit.workflow.updated","payload":{"userId":"9bb3b32b-35a9-46cc-bcfd-20928cdee616","_email":"onboarding.cabinet@gmail.com","_firstName":"Skillia","_lastName":"Skillia","globalRole":"global:owner","workflowId":"NjN1GQiLZ6nXxiOB","workflowName":"feu-vert"}}
{"__type":"$$EventMessageConfirm","confirm":"caefc9e0-35cf-4591-bffa-b9e2628d9e70","ts":"2026-07-07T10:48:54.943+00:00","source":{"id":"0","name":"eventBus"}}
{"__type":"$$EventMessageAudit","id":"e0d835dc-ac2b-440c-959f-51abc13725f8","ts":"2026-07-07T10:48:56.825+00:00","eventName":"n8n.audit.workflow.updated","message":"n8n.audit.workflow.updated","payload":{"userId":"9bb3b32b-35a9-46cc-bcfd-20928cdee616","_email":"onboarding.cabinet@gmail.com","_firstName":"Skillia","_lastName":"Skillia","globalRole":"global:owner","workflowId":"NjN1GQiLZ6nXxiOB","workflowName":"feu-vert"}}
{"__type":"$$EventMessageConfirm","confirm":"e0d835dc-ac2b-440c-959f-51abc13725f8","ts":"2026-07-07T10:48:56.825+00:00","source":{"id":"0","name":"eventBus"}}
{"__type":"$$EventMessageAudit","id":"e3d715ca-7cf8-4e6c-8364-c6723b8ff450","ts":"2026-07-07T10:48:59.918+00:00","eventName":"n8n.audit.workflow.updated","message":"n8n.audit.workflow.updated","payload":{"userId":"9bb3b32b-35a9-46cc-bcfd-20928cdee616","_email":"onboarding.cabinet@gmail.com","_firstName":"Skillia","_lastName":"Skillia","globalRole":"global:owner","workflowId":"NjN1GQiLZ6nXxiOB","workflowName":"feu-vert"}}
{"__type":"$$EventMessageConfirm","confirm":"e3d715ca-7cf8-4e6c-8364-c6723b8ff450","ts":"2026-07-07T10:48:59.918+00:00","source":{"id":"0","name":"eventBus"}}
{"__type":"$$EventMessageAudit","id":"19b7862a-3972-4a38-8d85-3e4d9bcff7b5","ts":"2026-07-07T10:49:02.778+00:00","eventName":"n8n.audit.workflow.updated","message":"n8n.audit.workflow.updated","payload":{"userId":"9bb3b32b-35a9-46cc-bcfd-20928cdee616","_email":"onboarding.cabinet@gmail.com","_firstName":"Skillia","_lastName":"Skillia","globalRole":"global:owner","workflowId":"NjN1GQiLZ6nXxiOB","workflowName":"feu-vert"}}
{"__type":"$$EventMessageConfirm","confirm":"19b7862a-3972-4a38-8d85-3e4d9bcff7b5","ts":"2026-07-07T10:49:02.778+00:00","source":{"id":"0","name":"eventBus"}}
{"__type":"$$EventMessageAudit","id":"ade4ed87-4ce8-485d-b0e6-e097e41ac5b0","ts":"2026-07-07T06:49:05.758-04:00","eventName":"n8n.audit.workflow.updated","message":"n8n.audit.workflow.updated","payload":{"userId":"9bb3b32b-35a9-46cc-bcfd-20928cdee616","_email":"onboarding.cabinet@gmail.com","_firstName":"Skillia","_lastName":"Skillia","globalRole":"global:owner","workflowId":"NjN1GQiLZ6nXxiOB","workflowName":"feu-vert"}}
{"__type":"$$EventMessageConfirm","confirm":"ade4ed87-4ce8-485d-b0e6-e097e41ac5b0","ts":"2026-07-07T06:49:05.758-04:00","source":{"id":"0","name":"eventBus"}}
{"__type":"$$EventMessageAudit","id":"11634ff4-ff2e-4312-b12e-7c8aabf7547a","ts":"2026-07-07T06:49:12.983-04:00","eventName":"n8n.audit.workflow.updated","message":"n8n.audit.workflow.updated","payload":{"userId":"9bb3b32b-35a9-46cc-bcfd-20928cdee616","_email":"onboarding.cabinet@gmail.com","_firstName":"Skillia","_lastName":"Skillia","globalRole":"global:owner","workflowId":"NjN1GQiLZ6nXxiOB","workflowName":"feu-vert"}}
{"__type":"$$EventMessageConfirm","confirm":"11634ff4-ff2e-4312-b12e-7c8aabf7547a","ts":"2026-07-07T06:49:12.983-04:00","source":{"id":"0","name":"eventBus"}}
{"__type":"$$EventMessageAudit","id":"d24a9e3f-34fb-41f4-a3a8-ea11b1f5c69e","ts":"2026-07-07T06:49:17.461-04:00","eventName":"n8n.audit.workflow.updated","message":"n8n.audit.workflow.updated","payload":{"userId":"9bb3b32b-35a9-46cc-bcfd-20928cdee616","_email":"onboarding.cabinet@gmail.com","_firstName":"Skillia","_lastName":"Skillia","globalRole":"global:owner","workflowId":"NjN1GQiLZ6nXxiOB","workflowName":"feu-vert"}}
{"__type":"$$EventMessageConfirm","confirm":"d24a9e3f-34fb-41f4-a3a8-ea11b1f5c69e","ts":"2026-07-07T06:49:17.461-04:00","source":{"id":"0","name":"eventBus"}}
{"__type":"$$EventMessageAudit","id":"dc18650b-7ade-4adc-a561-550e1f6807f1","ts":"2026-07-07T06:49:28.498-04:00","eventName":"n8n.audit.user.credentials.created","message":"n8n.audit.user.credentials.created","payload":{"userId":"9bb3b32b-35a9-46cc-bcfd-20928cdee616","_email":"onboarding.cabinet@gmail.com","_firstName":"Skillia","_lastName":"Skillia","globalRole":"global:owner","credentialType":"googleSheetsTriggerOAuth2Api","credentialId":"mf0WVEtSiuwzT6dz","publicApi":false,"projectId":"qdOUYHmx2H6cvDxv","projectType":"personal","isDynamic":false,"usesExternalSecrets":false,"jweEnabled":false}}
{"__type":"$$EventMessageConfirm","confirm":"dc18650b-7ade-4adc-a561-550e1f6807f1","ts":"2026-07-07T06:49:28.498-04:00","source":{"id":"0","name":"eventBus"}}
{"__type":"$$EventMessageAudit","id":"340dfd94-c6c8-4ecc-b7bb-e7dd864fbff3","ts":"2026-07-07T06:49:30.153-04:00","eventName":"n8n.audit.workflow.updated","message":"n8n.audit.workflow.updated","payload":{"userId":"9bb3b32b-35a9-46cc-bcfd-20928cdee616","_email":"onboarding.cabinet@gmail.com","_firstName":"Skillia","_lastName":"Skillia","globalRole":"global:owner","workflowId":"NjN1GQiLZ6nXxiOB","workflowName":"feu-vert"}}
{"__type":"$$EventMessageConfirm","confirm":"340dfd94-c6c8-4ecc-b7bb-e7dd864fbff3","ts":"2026-07-07T06:49:30.153-04:00","source":{"id":"0","name":"eventBus"}}
{"__type":"$$EventMessageAudit","id":"21c63907-55d5-49db-8315-c290e4a4de05","ts":"2026-07-07T06:49:42.932-04:00","eventName":"n8n.audit.workflow.executed","message":"n8n.audit.workflow.executed","payload":{"userId":"9bb3b32b-35a9-46cc-bcfd-20928cdee616","_email":"onboarding.cabinet@gmail.com","_firstName":"Skillia","_lastName":"Skillia","globalRole":"global:owner","workflowId":"NjN1GQiLZ6nXxiOB","workflowName":"feu-vert","executionId":"8","source":"user-manual"}}
{"__type":"$$EventMessageConfirm","confirm":"21c63907-55d5-49db-8315-c290e4a4de05","ts":"2026-07-07T06:49:42.932-04:00","source":{"id":"0","name":"eventBus"}}
{"__type":"$$EventMessageWorkflow","id":"612b8a9c-4e87-4b73-98ef-9ed3884ed4ba","ts":"2026-07-07T06:49:42.934-04:00","eventName":"n8n.workflow.started","message":"n8n.workflow.started","payload":{"executionId":"8","workflowId":"NjN1GQiLZ6nXxiOB","isManual":false,"mode":"manual","workflowName":"feu-vert","projectId":"qdOUYHmx2H6cvDxv","projectName":"Skillia Skillia <onboarding.cabinet@gmail.com>"}}
{"__type":"$$EventMessageConfirm","confirm":"612b8a9c-4e87-4b73-98ef-9ed3884ed4ba","ts":"2026-07-07T06:49:42.935-04:00","source":{"id":"0","name":"eventBus"}}
{"__type":"$$EventMessageNode","id":"99b053d1-07a7-40d2-b8d9-a431f0c8063d","ts":"2026-07-07T06:49:42.940-04:00","eventName":"n8n.node.started","message":"n8n.node.started","payload":{"workflowId":"NjN1GQiLZ6nXxiOB","workflowName":"feu-vert","executionId":"8","nodeType":"n8n-nodes-base.googleSheetsTrigger","nodeName":"Google Sheets Trigger","nodeId":"b1ada53f-0aff-42f3-bbb4-8852c14f79fc"}}
{"__type":"$$EventMessageConfirm","confirm":"99b053d1-07a7-40d2-b8d9-a431f0c8063d","ts":"2026-07-07T06:49:42.940-04:00","source":{"id":"0","name":"eventBus"}}
{"__type":"$$EventMessageNode","id":"ade936e5-c9ff-4801-90ed-178d9497fd1e","ts":"2026-07-07T06:49:44.430-04:00","eventName":"n8n.node.finished","message":"n8n.node.finished","payload":{"workflowId":"NjN1GQiLZ6nXxiOB","workflowName":"feu-vert","executionId":"8","nodeType":"n8n-nodes-base.googleSheetsTrigger","nodeName":"Google Sheets Trigger","nodeId":"b1ada53f-0aff-42f3-bbb4-8852c14f79fc"}}
{"__type":"$$EventMessageConfirm","confirm":"ade936e5-c9ff-4801-90ed-178d9497fd1e","ts":"2026-07-07T06:49:44.430-04:00","source":{"id":"0","name":"eventBus"}}
{"__type":"$$EventMessageNode","id":"f683a883-7e66-4fda-834f-fc5d7f1a29c8","ts":"2026-07-07T06:49:44.437-04:00","eventName":"n8n.node.started","message":"n8n.node.started","payload":{"workflowId":"NjN1GQiLZ6nXxiOB","workflowName":"feu-vert","executionId":"8","nodeType":"n8n-nodes-base.if","nodeName":"If1","nodeId":"af9a33b9-2574-4185-8533-7bc6d0e50968"}}
{"__type":"$$EventMessageConfirm","confirm":"f683a883-7e66-4fda-834f-fc5d7f1a29c8","ts":"2026-07-07T06:49:44.437-04:00","source":{"id":"0","name":"eventBus"}}
{"__type":"$$EventMessageNode","id":"70764f3d-4948-469e-82c2-aed26559b6ff","ts":"2026-07-07T06:49:44.457-04:00","eventName":"n8n.node.finished","message":"n8n.node.finished","payload":{"workflowId":"NjN1GQiLZ6nXxiOB","workflowName":"feu-vert","executionId":"8","nodeType":"n8n-nodes-base.if","nodeName":"If1","nodeId":"af9a33b9-2574-4185-8533-7bc6d0e50968"}}
{"__type":"$$EventMessageConfirm","confirm":"70764f3d-4948-469e-82c2-aed26559b6ff","ts":"2026-07-07T06:49:44.458-04:00","source":{"id":"0","name":"eventBus"}}
{"__type":"$$EventMessageNode","id":"29c29534-e47b-45f3-8217-73ca90f97679","ts":"2026-07-07T06:49:44.460-04:00","eventName":"n8n.node.started","message":"n8n.node.started","payload":{"workflowId":"NjN1GQiLZ6nXxiOB","workflowName":"feu-vert","executionId":"8","nodeType":"n8n-nodes-base.googleDrive","nodeName":"Create folder","nodeId":"0b700353-1d2b-40ae-854e-ac7a44596c53"}}
{"__type":"$$EventMessageConfirm","confirm":"29c29534-e47b-45f3-8217-73ca90f97679","ts":"2026-07-07T06:49:44.460-04:00","source":{"id":"0","name":"eventBus"}}
{"__type":"$$EventMessageNode","id":"262de5c1-5f85-49fb-9f08-7a0e73471797","ts":"2026-07-07T06:49:45.241-04:00","eventName":"n8n.node.finished","message":"n8n.node.finished","payload":{"workflowId":"NjN1GQiLZ6nXxiOB","workflowName":"feu-vert","executionId":"8","nodeType":"n8n-nodes-base.googleDrive","nodeName":"Create folder","nodeId":"0b700353-1d2b-40ae-854e-ac7a44596c53"}}
{"__type":"$$EventMessageConfirm","confirm":"262de5c1-5f85-49fb-9f08-7a0e73471797","ts":"2026-07-07T06:49:45.241-04:00","source":{"id":"0","name":"eventBus"}}
{"__type":"$$EventMessageNode","id":"a3440131-9f4a-471f-8006-daa418d8b048","ts":"2026-07-07T06:49:45.242-04:00","eventName":"n8n.node.started","message":"n8n.node.started","payload":{"workflowId":"NjN1GQiLZ6nXxiOB","workflowName":"feu-vert","executionId":"8","nodeType":"n8n-nodes-base.googleDrive","nodeName":"Create folder1","nodeId":"86bd5c60-9592-4be6-92f1-f2964c57e411"}}
{"__type":"$$EventMessageConfirm","confirm":"a3440131-9f4a-471f-8006-daa418d8b048","ts":"2026-07-07T06:49:45.242-04:00","source":{"id":"0","name":"eventBus"}}
{"__type":"$$EventMessageNode","id":"ec03c271-9020-4712-9ac0-7cb90c4f1050","ts":"2026-07-07T06:49:46.252-04:00","eventName":"n8n.node.finished","message":"n8n.node.finished","payload":{"workflowId":"NjN1GQiLZ6nXxiOB","workflowName":"feu-vert","executionId":"8","nodeType":"n8n-nodes-base.googleDrive","nodeName":"Create folder1","nodeId":"86bd5c60-9592-4be6-92f1-f2964c57e411"}}
{"__type":"$$EventMessageConfirm","confirm":"ec03c271-9020-4712-9ac0-7cb90c4f1050","ts":"2026-07-07T06:49:46.252-04:00","source":{"id":"0","name":"eventBus"}}
{"__type":"$$EventMessageNode","id":"b06fb743-82db-476c-90d0-d827921eafce","ts":"2026-07-07T06:49:46.253-04:00","eventName":"n8n.node.started","message":"n8n.node.started","payload":{"workflowId":"NjN1GQiLZ6nXxiOB","workflowName":"feu-vert","executionId":"8","nodeType":"n8n-nodes-base.googleDrive","nodeName":"Create folder2","nodeId":"73a36e23-264e-498a-9568-12220fca8fb0"}}
{"__type":"$$EventMessageConfirm","confirm":"b06fb743-82db-476c-90d0-d827921eafce","ts":"2026-07-07T06:49:46.253-04:00","source":{"id":"0","name":"eventBus"}}
{"__type":"$$EventMessageNode","id":"bc1bbeeb-97e3-4f14-ac32-630866731f86","ts":"2026-07-07T06:49:47.150-04:00","eventName":"n8n.node.finished","message":"n8n.node.finished","payload":{"workflowId":"NjN1GQiLZ6nXxiOB","workflowName":"feu-vert","executionId":"8","nodeType":"n8n-nodes-base.googleDrive","nodeName":"Create folder2","nodeId":"73a36e23-264e-498a-9568-12220fca8fb0"}}
{"__type":"$$EventMessageConfirm","confirm":"bc1bbeeb-97e3-4f14-ac32-630866731f86","ts":"2026-07-07T06:49:47.150-04:00","source":{"id":"0","name":"eventBus"}}
{"__type":"$$EventMessageNode","id":"7770e3e7-4c43-4779-af59-508168c263bc","ts":"2026-07-07T06:49:47.152-04:00","eventName":"n8n.node.started","message":"n8n.node.started","payload":{"workflowId":"NjN1GQiLZ6nXxiOB","workflowName":"feu-vert","executionId":"8","nodeType":"n8n-nodes-base.googleDrive","nodeName":"Create folder3","nodeId":"068ba650-8506-4e46-9b0a-8e28f6193479"}}
{"__type":"$$EventMessageConfirm","confirm":"7770e3e7-4c43-4779-af59-508168c263bc","ts":"2026-07-07T06:49:47.152-04:00","source":{"id":"0","name":"eventBus"}}
{"__type":"$$EventMessageNode","id":"b33eadc7-329c-4b9f-9399-b8ee055a7141","ts":"2026-07-07T06:49:47.893-04:00","eventName":"n8n.node.finished","message":"n8n.node.finished","payload":{"workflowId":"NjN1GQiLZ6nXxiOB","workflowName":"feu-vert","executionId":"8","nodeType":"n8n-nodes-base.googleDrive","nodeName":"Create folder3","nodeId":"068ba650-8506-4e46-9b0a-8e28f6193479"}}
{"__type":"$$EventMessageConfirm","confirm":"b33eadc7-329c-4b9f-9399-b8ee055a7141","ts":"2026-07-07T06:49:47.893-04:00","source":{"id":"0","name":"eventBus"}}
{"__type":"$$EventMessageNode","id":"9b4cfde1-305d-4d53-9bdd-7610aa5ca9ad","ts":"2026-07-07T06:49:47.894-04:00","eventName":"n8n.node.started","message":"n8n.node.started","payload":{"workflowId":"NjN1GQiLZ6nXxiOB","workflowName":"feu-vert","executionId":"8","nodeType":"n8n-nodes-base.googleDrive","nodeName":"Create folder4","nodeId":"bf0bf40a-eca9-4da3-8669-93aedbb44944"}}
{"__type":"$$EventMessageConfirm","confirm":"9b4cfde1-305d-4d53-9bdd-7610aa5ca9ad","ts":"2026-07-07T06:49:47.894-04:00","source":{"id":"0","name":"eventBus"}}
{"__type":"$$EventMessageNode","id":"2f1f7383-4bc2-4a7b-b296-1ee0faa97ab6","ts":"2026-07-07T06:49:48.589-04:00","eventName":"n8n.node.finished","message":"n8n.node.finished","payload":{"workflowId":"NjN1GQiLZ6nXxiOB","workflowName":"feu-vert","executionId":"8","nodeType":"n8n-nodes-base.googleDrive","nodeName":"Create folder4","nodeId":"bf0bf40a-eca9-4da3-8669-93aedbb44944"}}
{"__type":"$$EventMessageConfirm","confirm":"2f1f7383-4bc2-4a7b-b296-1ee0faa97ab6","ts":"2026-07-07T06:49:48.590-04:00","source":{"id":"0","name":"eventBus"}}
{"__type":"$$EventMessageNode","id":"df24f1ac-f387-4fb5-9c3a-6766ddbe64ae","ts":"2026-07-07T06:49:48.592-04:00","eventName":"n8n.node.started","message":"n8n.node.started","payload":{"workflowId":"NjN1GQiLZ6nXxiOB","workflowName":"feu-vert","executionId":"8","nodeType":"n8n-nodes-base.googleDrive","nodeName":"Create folder5","nodeId":"f6a87f65-92d8-460a-ba19-c524eedf9653"}}
{"__type":"$$EventMessageConfirm","confirm":"df24f1ac-f387-4fb5-9c3a-6766ddbe64ae","ts":"2026-07-07T06:49:48.592-04:00","source":{"id":"0","name":"eventBus"}}
{"__type":"$$EventMessageNode","id":"434d4ea3-4d90-4de2-a30b-fa580f768ad5","ts":"2026-07-07T06:49:49.367-04:00","eventName":"n8n.node.finished","message":"n8n.node.finished","payload":{"workflowId":"NjN1GQiLZ6nXxiOB","workflowName":"feu-vert","executionId":"8","nodeType":"n8n-nodes-base.googleDrive","nodeName":"Create folder5","nodeId":"f6a87f65-92d8-460a-ba19-c524eedf9653"}}
{"__type":"$$EventMessageConfirm","confirm":"434d4ea3-4d90-4de2-a30b-fa580f768ad5","ts":"2026-07-07T06:49:49.367-04:00","source":{"id":"0","name":"eventBus"}}
{"__type":"$$EventMessageNode","id":"3442058b-cea5-4030-9f5f-85629d1fc19a","ts":"2026-07-07T06:49:49.368-04:00","eventName":"n8n.node.started","message":"n8n.node.started","payload":{"workflowId":"NjN1GQiLZ6nXxiOB","workflowName":"feu-vert","executionId":"8","nodeType":"n8n-nodes-base.if","nodeName":"If2","nodeId":"d2e78bbb-6d94-4cd1-bb34-354dc9016a9b"}}
{"__type":"$$EventMessageConfirm","confirm":"3442058b-cea5-4030-9f5f-85629d1fc19a","ts":"2026-07-07T06:49:49.368-04:00","source":{"id":"0","name":"eventBus"}}
{"__type":"$$EventMessageNode","id":"eb74d45d-fdbf-4ab0-9817-a93e043247c1","ts":"2026-07-07T06:49:49.376-04:00","eventName":"n8n.node.finished","message":"n8n.node.finished","payload":{"workflowId":"NjN1GQiLZ6nXxiOB","workflowName":"feu-vert","executionId":"8","nodeType":"n8n-nodes-base.if","nodeName":"If2","nodeId":"d2e78bbb-6d94-4cd1-bb34-354dc9016a9b"}}
{"__type":"$$EventMessageConfirm","confirm":"eb74d45d-fdbf-4ab0-9817-a93e043247c1","ts":"2026-07-07T06:49:49.376-04:00","source":{"id":"0","name":"eventBus"}}
{"__type":"$$EventMessageNode","id":"d6ac20a8-7f32-424a-8112-c2dafef3f320","ts":"2026-07-07T06:49:49.377-04:00","eventName":"n8n.node.started","message":"n8n.node.started","payload":{"workflowId":"NjN1GQiLZ6nXxiOB","workflowName":"feu-vert","executionId":"8","nodeType":"n8n-nodes-base.googleDrive","nodeName":"Rechercher Dossier Drive1","nodeId":"60985ecd-edee-4d54-bcda-effc3b0c83ec"}}
{"__type":"$$EventMessageConfirm","confirm":"d6ac20a8-7f32-424a-8112-c2dafef3f320","ts":"2026-07-07T06:49:49.378-04:00","source":{"id":"0","name":"eventBus"}}
{"__type":"$$EventMessageNode","id":"54963a3b-0309-4d40-ab32-0a18bb2725e8","ts":"2026-07-07T06:49:49.837-04:00","eventName":"n8n.node.finished","message":"n8n.node.finished","payload":{"workflowId":"NjN1GQiLZ6nXxiOB","workflowName":"feu-vert","executionId":"8","nodeType":"n8n-nodes-base.googleDrive","nodeName":"Rechercher Dossier Drive1","nodeId":"60985ecd-edee-4d54-bcda-effc3b0c83ec"}}
{"__type":"$$EventMessageConfirm","confirm":"54963a3b-0309-4d40-ab32-0a18bb2725e8","ts":"2026-07-07T06:49:49.837-04:00","source":{"id":"0","name":"eventBus"}}
{"__type":"$$EventMessageWorkflow","id":"06ab8cd2-a505-4b2e-ae38-ae829010b475","ts":"2026-07-07T06:49:49.851-04:00","eventName":"n8n.workflow.success","message":"n8n.workflow.success","payload":{"userId":"9bb3b32b-35a9-46cc-bcfd-20928cdee616","executionId":"8","success":true,"isManual":true,"mode":"manual","workflowId":"NjN1GQiLZ6nXxiOB","workflowName":"feu-vert","projectId":"qdOUYHmx2H6cvDxv","projectName":"Skillia Skillia <onboarding.cabinet@gmail.com>"}}
{"__type":"$$EventMessageConfirm","confirm":"06ab8cd2-a505-4b2e-ae38-ae829010b475","ts":"2026-07-07T06:49:49.851-04:00","source":{"id":"0","name":"eventBus"}}
{"__type":"$$EventMessageAudit","id":"3ae7e235-2e3a-47b5-84e3-19596f83a522","ts":"2026-07-07T06:49:56.435-04:00","eventName":"n8n.audit.workflow.updated","message":"n8n.audit.workflow.updated","payload":{"userId":"9bb3b32b-35a9-46cc-bcfd-20928cdee616","_email":"onboarding.cabinet@gmail.com","_firstName":"Skillia","_lastName":"Skillia","globalRole":"global:owner","workflowId":"NjN1GQiLZ6nXxiOB","workflowName":"feu-vert"}}
{"__type":"$$EventMessageConfirm","confirm":"3ae7e235-2e3a-47b5-84e3-19596f83a522","ts":"2026-07-07T06:49:56.435-04:00","source":{"id":"0","name":"eventBus"}}
{"__type":"$$EventMessageAudit","id":"01cc73d1-8bb2-41a2-97b1-a3f1b238af2d","ts":"2026-07-07T06:50:23.002-04:00","eventName":"n8n.audit.workflow.updated","message":"n8n.audit.workflow.updated","payload":{"userId":"9bb3b32b-35a9-46cc-bcfd-20928cdee616","_email":"onboarding.cabinet@gmail.com","_firstName":"Skillia","_lastName":"Skillia","globalRole":"global:owner","workflowId":"NjN1GQiLZ6nXxiOB","workflowName":"feu-vert"}}
{"__type":"$$EventMessageConfirm","confirm":"01cc73d1-8bb2-41a2-97b1-a3f1b238af2d","ts":"2026-07-07T06:50:23.002-04:00","source":{"id":"0","name":"eventBus"}}
{"__type":"$$EventMessageAudit","id":"41f023bd-85a4-43f0-bd83-dc9415f8a64f","ts":"2026-07-07T06:50:38.002-04:00","eventName":"n8n.audit.workflow.updated","message":"n8n.audit.workflow.updated","payload":{"userId":"9bb3b32b-35a9-46cc-bcfd-20928cdee616","_email":"onboarding.cabinet@gmail.com","_firstName":"Skillia","_lastName":"Skillia","globalRole":"global:owner","workflowId":"NjN1GQiLZ6nXxiOB","workflowName":"feu-vert"}}
{"__type":"$$EventMessageConfirm","confirm":"41f023bd-85a4-43f0-bd83-dc9415f8a64f","ts":"2026-07-07T06:50:38.002-04:00","source":{"id":"0","name":"eventBus"}}
{"__type":"$$EventMessageAudit","id":"002bb44c-8f51-4a37-ba5d-8f8da8f01573","ts":"2026-07-07T06:50:48.183-04:00","eventName":"n8n.audit.workflow.updated","message":"n8n.audit.workflow.updated","payload":{"userId":"9bb3b32b-35a9-46cc-bcfd-20928cdee616","_email":"onboarding.cabinet@gmail.com","_firstName":"Skillia","_lastName":"Skillia","globalRole":"global:owner","workflowId":"NjN1GQiLZ6nXxiOB","workflowName":"feu-vert"}}
{"__type":"$$EventMessageConfirm","confirm":"002bb44c-8f51-4a37-ba5d-8f8da8f01573","ts":"2026-07-07T06:50:48.184-04:00","source":{"id":"0","name":"eventBus"}}
{"__type":"$$EventMessageAudit","id":"f91d4726-8f9e-4fae-88be-e3e51fac809d","ts":"2026-07-07T06:51:14.661-04:00","eventName":"n8n.audit.workflow.updated","message":"n8n.audit.workflow.updated","payload":{"userId":"9bb3b32b-35a9-46cc-bcfd-20928cdee616","_email":"onboarding.cabinet@gmail.com","_firstName":"Skillia","_lastName":"Skillia","globalRole":"global:owner","workflowId":"NjN1GQiLZ6nXxiOB","workflowName":"feu-vert"}}
{"__type":"$$EventMessageConfirm","confirm":"f91d4726-8f9e-4fae-88be-e3e51fac809d","ts":"2026-07-07T06:51:14.661-04:00","source":{"id":"0","name":"eventBus"}}
{"__type":"$$EventMessageAudit","id":"f38af94d-7dc9-4a17-a321-a6d3d67a6cce","ts":"2026-07-07T06:51:50.963-04:00","eventName":"n8n.audit.workflow.updated","message":"n8n.audit.workflow.updated","payload":{"userId":"9bb3b32b-35a9-46cc-bcfd-20928cdee616","_email":"onboarding.cabinet@gmail.com","_firstName":"Skillia","_lastName":"Skillia","globalRole":"global:owner","workflowId":"NjN1GQiLZ6nXxiOB","workflowName":"feu-vert"}}
{"__type":"$$EventMessageConfirm","confirm":"f38af94d-7dc9-4a17-a321-a6d3d67a6cce","ts":"2026-07-07T06:51:50.963-04:00","source":{"id":"0","name":"eventBus"}}
{"__type":"$$EventMessageAudit","id":"4c8f53a2-27f4-4a3d-aa44-6cc3c3817f3e","ts":"2026-07-07T06:52:04.984-04:00","eventName":"n8n.audit.workflow.executed","message":"n8n.audit.workflow.executed","payload":{"userId":"9bb3b32b-35a9-46cc-bcfd-20928cdee616","_email":"onboarding.cabinet@gmail.com","_firstName":"Skillia","_lastName":"Skillia","globalRole":"global:owner","workflowId":"NjN1GQiLZ6nXxiOB","workflowName":"feu-vert","executionId":"9","source":"user-manual"}}
{"__type":"$$EventMessageConfirm","confirm":"4c8f53a2-27f4-4a3d-aa44-6cc3c3817f3e","ts":"2026-07-07T06:52:04.984-04:00","source":{"id":"0","name":"eventBus"}}
{"__type":"$$EventMessageWorkflow","id":"0ce13dfe-f9d0-4251-a550-8cb0a6ef9df2","ts":"2026-07-07T06:52:04.985-04:00","eventName":"n8n.workflow.started","message":"n8n.workflow.started","payload":{"executionId":"9","workflowId":"NjN1GQiLZ6nXxiOB","isManual":false,"mode":"manual","workflowName":"feu-vert","projectId":"qdOUYHmx2H6cvDxv","projectName":"Skillia Skillia <onboarding.cabinet@gmail.com>"}}
{"__type":"$$EventMessageConfirm","confirm":"0ce13dfe-f9d0-4251-a550-8cb0a6ef9df2","ts":"2026-07-07T06:52:04.985-04:00","source":{"id":"0","name":"eventBus"}}
{"__type":"$$EventMessageNode","id":"5609c87e-207e-4d47-ad50-d7836a8a8362","ts":"2026-07-07T06:52:05.003-04:00","eventName":"n8n.node.started","message":"n8n.node.started","payload":{"workflowId":"NjN1GQiLZ6nXxiOB","workflowName":"feu-vert","executionId":"9","nodeType":"n8n-nodes-base.googleSheetsTrigger","nodeName":"Google Sheets Trigger","nodeId":"b1ada53f-0aff-42f3-bbb4-8852c14f79fc"}}
{"__type":"$$EventMessageConfirm","confirm":"5609c87e-207e-4d47-ad50-d7836a8a8362","ts":"2026-07-07T06:52:05.003-04:00","source":{"id":"0","name":"eventBus"}}
{"__type":"$$EventMessageNode","id":"2a2f7d5c-f3a6-4cf3-adc4-70b597726df1","ts":"2026-07-07T06:52:06.149-04:00","eventName":"n8n.node.finished","message":"n8n.node.finished","payload":{"workflowId":"NjN1GQiLZ6nXxiOB","workflowName":"feu-vert","executionId":"9","nodeType":"n8n-nodes-base.googleSheetsTrigger","nodeName":"Google Sheets Trigger","nodeId":"b1ada53f-0aff-42f3-bbb4-8852c14f79fc"}}
{"__type":"$$EventMessageConfirm","confirm":"2a2f7d5c-f3a6-4cf3-adc4-70b597726df1","ts":"2026-07-07T06:52:06.149-04:00","source":{"id":"0","name":"eventBus"}}
{"__type":"$$EventMessageNode","id":"e1605a09-4891-4d19-9253-90c0fcee829b","ts":"2026-07-07T06:52:06.151-04:00","eventName":"n8n.node.started","message":"n8n.node.started","payload":{"workflowId":"NjN1GQiLZ6nXxiOB","workflowName":"feu-vert","executionId":"9","nodeType":"n8n-nodes-base.if","nodeName":"If1","nodeId":"af9a33b9-2574-4185-8533-7bc6d0e50968"}}
{"__type":"$$EventMessageConfirm","confirm":"e1605a09-4891-4d19-9253-90c0fcee829b","ts":"2026-07-07T06:52:06.151-04:00","source":{"id":"0","name":"eventBus"}}
{"__type":"$$EventMessageNode","id":"1e78bf5c-4f29-4729-9480-89e96d9d6ca6","ts":"2026-07-07T06:52:06.155-04:00","eventName":"n8n.node.finished","message":"n8n.node.finished","payload":{"workflowId":"NjN1GQiLZ6nXxiOB","workflowName":"feu-vert","executionId":"9","nodeType":"n8n-nodes-base.if","nodeName":"If1","nodeId":"af9a33b9-2574-4185-8533-7bc6d0e50968"}}
{"__type":"$$EventMessageConfirm","confirm":"1e78bf5c-4f29-4729-9480-89e96d9d6ca6","ts":"2026-07-07T06:52:06.155-04:00","source":{"id":"0","name":"eventBus"}}
{"__type":"$$EventMessageNode","id":"1b42c6ed-54c1-4fe2-b672-723fbaf1d586","ts":"2026-07-07T06:52:06.156-04:00","eventName":"n8n.node.started","message":"n8n.node.started","payload":{"workflowId":"NjN1GQiLZ6nXxiOB","workflowName":"feu-vert","executionId":"9","nodeType":"n8n-nodes-base.googleDrive","nodeName":"Create folder","nodeId":"0b700353-1d2b-40ae-854e-ac7a44596c53"}}
{"__type":"$$EventMessageConfirm","confirm":"1b42c6ed-54c1-4fe2-b672-723fbaf1d586","ts":"2026-07-07T06:52:06.156-04:00","source":{"id":"0","name":"eventBus"}}
{"__type":"$$EventMessageNode","id":"00d70208-a3f2-40f5-8bbb-94bdf5c1dd51","ts":"2026-07-07T06:52:06.950-04:00","eventName":"n8n.node.finished","message":"n8n.node.finished","payload":{"workflowId":"NjN1GQiLZ6nXxiOB","workflowName":"feu-vert","executionId":"9","nodeType":"n8n-nodes-base.googleDrive","nodeName":"Create folder","nodeId":"0b700353-1d2b-40ae-854e-ac7a44596c53"}}
{"__type":"$$EventMessageConfirm","confirm":"00d70208-a3f2-40f5-8bbb-94bdf5c1dd51","ts":"2026-07-07T06:52:06.950-04:00","source":{"id":"0","name":"eventBus"}}
{"__type":"$$EventMessageNode","id":"efce346f-2d8d-4637-a992-c0e7ecdea482","ts":"2026-07-07T06:52:06.951-04:00","eventName":"n8n.node.started","message":"n8n.node.started","payload":{"workflowId":"NjN1GQiLZ6nXxiOB","workflowName":"feu-vert","executionId":"9","nodeType":"n8n-nodes-base.googleDrive","nodeName":"Create folder1","nodeId":"86bd5c60-9592-4be6-92f1-f2964c57e411"}}
{"__type":"$$EventMessageConfirm","confirm":"efce346f-2d8d-4637-a992-c0e7ecdea482","ts":"2026-07-07T06:52:06.951-04:00","source":{"id":"0","name":"eventBus"}}
{"__type":"$$EventMessageNode","id":"5c152449-6320-4325-b4cd-3c3776fe108c","ts":"2026-07-07T06:52:08.022-04:00","eventName":"n8n.node.finished","message":"n8n.node.finished","payload":{"workflowId":"NjN1GQiLZ6nXxiOB","workflowName":"feu-vert","executionId":"9","nodeType":"n8n-nodes-base.googleDrive","nodeName":"Create folder1","nodeId":"86bd5c60-9592-4be6-92f1-f2964c57e411"}}
{"__type":"$$EventMessageConfirm","confirm":"5c152449-6320-4325-b4cd-3c3776fe108c","ts":"2026-07-07T06:52:08.022-04:00","source":{"id":"0","name":"eventBus"}}
{"__type":"$$EventMessageNode","id":"405137b3-7617-42b3-b44f-438f416108d3","ts":"2026-07-07T06:52:08.024-04:00","eventName":"n8n.node.started","message":"n8n.node.started","payload":{"workflowId":"NjN1GQiLZ6nXxiOB","workflowName":"feu-vert","executionId":"9","nodeType":"n8n-nodes-base.googleDrive","nodeName":"Create folder2","nodeId":"73a36e23-264e-498a-9568-12220fca8fb0"}}
{"__type":"$$EventMessageConfirm","confirm":"405137b3-7617-42b3-b44f-438f416108d3","ts":"2026-07-07T06:52:08.025-04:00","source":{"id":"0","name":"eventBus"}}
{"__type":"$$EventMessageNode","id":"49691117-0e6c-4067-80be-5ba05ba7e883","ts":"2026-07-07T06:52:08.801-04:00","eventName":"n8n.node.finished","message":"n8n.node.finished","payload":{"workflowId":"NjN1GQiLZ6nXxiOB","workflowName":"feu-vert","executionId":"9","nodeType":"n8n-nodes-base.googleDrive","nodeName":"Create folder2","nodeId":"73a36e23-264e-498a-9568-12220fca8fb0"}}
{"__type":"$$EventMessageConfirm","confirm":"49691117-0e6c-4067-80be-5ba05ba7e883","ts":"2026-07-07T06:52:08.802-04:00","source":{"id":"0","name":"eventBus"}}
{"__type":"$$EventMessageNode","id":"80d30098-45b2-4e6b-afcd-0355afec1fba","ts":"2026-07-07T06:52:08.802-04:00","eventName":"n8n.node.started","message":"n8n.node.started","payload":{"workflowId":"NjN1GQiLZ6nXxiOB","workflowName":"feu-vert","executionId":"9","nodeType":"n8n-nodes-base.googleDrive","nodeName":"Create folder3","nodeId":"068ba650-8506-4e46-9b0a-8e28f6193479"}}
{"__type":"$$EventMessageConfirm","confirm":"80d30098-45b2-4e6b-afcd-0355afec1fba","ts":"2026-07-07T06:52:08.803-04:00","source":{"id":"0","name":"eventBus"}}
{"__type":"$$EventMessageNode","id":"046819f8-4f68-4078-aa30-41baed9e779c","ts":"2026-07-07T06:52:09.554-04:00","eventName":"n8n.node.finished","message":"n8n.node.finished","payload":{"workflowId":"NjN1GQiLZ6nXxiOB","workflowName":"feu-vert","executionId":"9","nodeType":"n8n-nodes-base.googleDrive","nodeName":"Create folder3","nodeId":"068ba650-8506-4e46-9b0a-8e28f6193479"}}
{"__type":"$$EventMessageConfirm","confirm":"046819f8-4f68-4078-aa30-41baed9e779c","ts":"2026-07-07T06:52:09.554-04:00","source":{"id":"0","name":"eventBus"}}
{"__type":"$$EventMessageNode","id":"bc29e757-8e2e-4f57-bd5d-15031a25d19a","ts":"2026-07-07T06:52:09.555-04:00","eventName":"n8n.node.started","message":"n8n.node.started","payload":{"workflowId":"NjN1GQiLZ6nXxiOB","workflowName":"feu-vert","executionId":"9","nodeType":"n8n-nodes-base.googleDrive","nodeName":"Create folder4","nodeId":"bf0bf40a-eca9-4da3-8669-93aedbb44944"}}
{"__type":"$$EventMessageConfirm","confirm":"bc29e757-8e2e-4f57-bd5d-15031a25d19a","ts":"2026-07-07T06:52:09.555-04:00","source":{"id":"0","name":"eventBus"}}
{"__type":"$$EventMessageNode","id":"9ae941b9-4006-4072-b9f1-56c26c4dc368","ts":"2026-07-07T06:52:10.255-04:00","eventName":"n8n.node.finished","message":"n8n.node.finished","payload":{"workflowId":"NjN1GQiLZ6nXxiOB","workflowName":"feu-vert","executionId":"9","nodeType":"n8n-nodes-base.googleDrive","nodeName":"Create folder4","nodeId":"bf0bf40a-eca9-4da3-8669-93aedbb44944"}}
{"__type":"$$EventMessageConfirm","confirm":"9ae941b9-4006-4072-b9f1-56c26c4dc368","ts":"2026-07-07T06:52:10.255-04:00","source":{"id":"0","name":"eventBus"}}
{"__type":"$$EventMessageNode","id":"62d3e57b-c121-47bd-90ba-2562a6317a59","ts":"2026-07-07T06:52:10.256-04:00","eventName":"n8n.node.started","message":"n8n.node.started","payload":{"workflowId":"NjN1GQiLZ6nXxiOB","workflowName":"feu-vert","executionId":"9","nodeType":"n8n-nodes-base.googleDrive","nodeName":"Create folder5","nodeId":"f6a87f65-92d8-460a-ba19-c524eedf9653"}}
{"__type":"$$EventMessageConfirm","confirm":"62d3e57b-c121-47bd-90ba-2562a6317a59","ts":"2026-07-07T06:52:10.256-04:00","source":{"id":"0","name":"eventBus"}}
{"__type":"$$EventMessageNode","id":"fc26192c-09e9-45e4-9c33-0ec0a809e2a1","ts":"2026-07-07T06:52:11.036-04:00","eventName":"n8n.node.finished","message":"n8n.node.finished","payload":{"workflowId":"NjN1GQiLZ6nXxiOB","workflowName":"feu-vert","executionId":"9","nodeType":"n8n-nodes-base.googleDrive","nodeName":"Create folder5","nodeId":"f6a87f65-92d8-460a-ba19-c524eedf9653"}}
{"__type":"$$EventMessageConfirm","confirm":"fc26192c-09e9-45e4-9c33-0ec0a809e2a1","ts":"2026-07-07T06:52:11.036-04:00","source":{"id":"0","name":"eventBus"}}
{"__type":"$$EventMessageNode","id":"54b3a383-a89c-446e-acb9-d0fa781a0eda","ts":"2026-07-07T06:52:11.037-04:00","eventName":"n8n.node.started","message":"n8n.node.started","payload":{"workflowId":"NjN1GQiLZ6nXxiOB","workflowName":"feu-vert","executionId":"9","nodeType":"n8n-nodes-base.if","nodeName":"If2","nodeId":"d2e78bbb-6d94-4cd1-bb34-354dc9016a9b"}}
{"__type":"$$EventMessageConfirm","confirm":"54b3a383-a89c-446e-acb9-d0fa781a0eda","ts":"2026-07-07T06:52:11.037-04:00","source":{"id":"0","name":"eventBus"}}
{"__type":"$$EventMessageNode","id":"63cb936a-ca5f-447f-b481-85edbe81c9e8","ts":"2026-07-07T06:52:11.037-04:00","eventName":"n8n.node.finished","message":"n8n.node.finished","payload":{"workflowId":"NjN1GQiLZ6nXxiOB","workflowName":"feu-vert","executionId":"9","nodeType":"n8n-nodes-base.if","nodeName":"If2","nodeId":"d2e78bbb-6d94-4cd1-bb34-354dc9016a9b"}}
{"__type":"$$EventMessageConfirm","confirm":"63cb936a-ca5f-447f-b481-85edbe81c9e8","ts":"2026-07-07T06:52:11.037-04:00","source":{"id":"0","name":"eventBus"}}
{"__type":"$$EventMessageNode","id":"5220f0e5-ec3a-41fc-b7b6-c29692314aa8","ts":"2026-07-07T06:52:11.038-04:00","eventName":"n8n.node.started","message":"n8n.node.started","payload":{"workflowId":"NjN1GQiLZ6nXxiOB","workflowName":"feu-vert","executionId":"9","nodeType":"n8n-nodes-base.googleDrive","nodeName":"Rechercher Dossier Drive1","nodeId":"60985ecd-edee-4d54-bcda-effc3b0c83ec"}}
{"__type":"$$EventMessageConfirm","confirm":"5220f0e5-ec3a-41fc-b7b6-c29692314aa8","ts":"2026-07-07T06:52:11.038-04:00","source":{"id":"0","name":"eventBus"}}
{"__type":"$$EventMessageNode","id":"7c91dee9-bf45-43a2-a564-39343936b767","ts":"2026-07-07T06:52:11.538-04:00","eventName":"n8n.node.finished","message":"n8n.node.finished","payload":{"workflowId":"NjN1GQiLZ6nXxiOB","workflowName":"feu-vert","executionId":"9","nodeType":"n8n-nodes-base.googleDrive","nodeName":"Rechercher Dossier Drive1","nodeId":"60985ecd-edee-4d54-bcda-effc3b0c83ec"}}
{"__type":"$$EventMessageConfirm","confirm":"7c91dee9-bf45-43a2-a564-39343936b767","ts":"2026-07-07T06:52:11.538-04:00","source":{"id":"0","name":"eventBus"}}
{"__type":"$$EventMessageWorkflow","id":"527860f9-6ac5-46b7-a737-69d27d21c7e8","ts":"2026-07-07T06:52:11.542-04:00","eventName":"n8n.workflow.success","message":"n8n.workflow.success","payload":{"userId":"9bb3b32b-35a9-46cc-bcfd-20928cdee616","executionId":"9","success":true,"isManual":true,"mode":"manual","workflowId":"NjN1GQiLZ6nXxiOB","workflowName":"feu-vert","projectId":"qdOUYHmx2H6cvDxv","projectName":"Skillia Skillia <onboarding.cabinet@gmail.com>"}}
{"__type":"$$EventMessageConfirm","confirm":"527860f9-6ac5-46b7-a737-69d27d21c7e8","ts":"2026-07-07T06:52:11.542-04:00","source":{"id":"0","name":"eventBus"}}
{"__type":"$$EventMessageAudit","id":"df888367-9354-4ee3-9ab8-8b0eb927ad9e","ts":"2026-07-07T06:53:03.526-04:00","eventName":"n8n.audit.workflow.updated","message":"n8n.audit.workflow.updated","payload":{"userId":"9bb3b32b-35a9-46cc-bcfd-20928cdee616","_email":"onboarding.cabinet@gmail.com","_firstName":"Skillia","_lastName":"Skillia","globalRole":"global:owner","workflowId":"NjN1GQiLZ6nXxiOB","workflowName":"feu-vert"}}
{"__type":"$$EventMessageConfirm","confirm":"df888367-9354-4ee3-9ab8-8b0eb927ad9e","ts":"2026-07-07T06:53:03.526-04:00","source":{"id":"0","name":"eventBus"}}
{"__type":"$$EventMessageAudit","id":"b87f15d1-4d64-4cfc-85c6-59f66d1e6311","ts":"2026-07-07T06:53:30.257-04:00","eventName":"n8n.audit.workflow.updated","message":"n8n.audit.workflow.updated","payload":{"userId":"9bb3b32b-35a9-46cc-bcfd-20928cdee616","_email":"onboarding.cabinet@gmail.com","_firstName":"Skillia","_lastName":"Skillia","globalRole":"global:owner","workflowId":"NjN1GQiLZ6nXxiOB","workflowName":"feu-vert"}}
{"__type":"$$EventMessageConfirm","confirm":"b87f15d1-4d64-4cfc-85c6-59f66d1e6311","ts":"2026-07-07T06:53:30.257-04:00","source":{"id":"0","name":"eventBus"}}
